Received pipelines:
Received pipelines:
Pipeline: academy-acp-pipeline
Pipeline: academy-dev-pipeline
Pipeline: academy-test-pipeline
Pipeline: admin-acp-pipeline
Pipeline: admin-dev-pipeline
Pipeline: admin-test-pipeline
Pipeline: anatomy-acp-pipeline
Pipeline: anatomy-dev-pipeline
Pipeline: anatomy-test-pipeline
Pipeline: assist-acp-pipeline
Pipeline: assist-dev-pipeline
Pipeline: assist-test-pipeline
Pipeline: or-setup-test-pipeline
Pipeline: sso-acp-pipeline
Pipeline: sso-dev-pipeline
Pipeline: sso-test-pipeline
Received pipelines:
Pipeline: academy-acp-pipeline
Pipeline: academy-dev-pipeline
Pipeline: academy-test-pipeline
Pipeline: admin-acp-pipeline
Pipeline: admin-dev-pipeline
Pipeline: admin-test-pipeline
Pipeline: anatomy-acp-pipeline
Pipeline: anatomy-dev-pipeline
Pipeline: anatomy-test-pipeline
Pipeline: assist-acp-pipeline
Pipeline: assist-dev-pipeline
Pipeline: assist-test-pipeline
Pipeline: or-setup-test-pipeline
Pipeline: sso-acp-pipeline
Pipeline: sso-dev-pipeline
Pipeline: sso-test-pipeline
Received pipelines:
Pipeline: academy-acp-pipeline
Pipeline: academy-dev-pipeline
Pipeline: academy-test-pipeline
Pipeline: admin-acp-pipeline
Pipeline: admin-dev-pipeline
Pipeline: admin-test-pipeline
Pipeline: anatomy-acp-pipeline
Pipeline: anatomy-dev-pipeline
Pipeline: anatomy-test-pipeline
Pipeline: assist-acp-pipeline
Pipeline: assist-dev-pipeline
Pipeline: assist-test-pipeline
Pipeline: or-setup-test-pipeline
Pipeline: sso-acp-pipeline
Pipeline: sso-dev-pipeline
Pipeline: sso-test-pipeline
Received pipelines:
Pipeline: academy-acp-pipeline
Pipeline: academy-dev-pipeline
Pipeline: academy-test-pipeline
Pipeline: admin-acp-pipeline
Pipeline: admin-dev-pipeline
Pipeline: admin-test-pipeline
Pipeline: anatomy-acp-pipeline
Pipeline: anatomy-dev-pipeline
Pipeline: anatomy-test-pipeline
Pipeline: assist-acp-pipeline
Pipeline: assist-dev-pipeline
Pipeline: assist-test-pipeline
Pipeline: or-setup-test-pipeline
Pipeline: sso-acp-pipeline
Pipeline: sso-dev-pipeline
Pipeline: sso-test-pipeline
Received pipelines:
Received pipelines:
Received pipelines:
Received pipelines:
Received pipelines:
Received pipelines:
Received pipelines:
Received pipelines:
Received pipelines:
Received pipelines:
Received pipelines:
Received pipelines:
Received pipelines:
Received pipelines:
Received pipelines:
Received pipelines:
Received pipelines:
Received pipelines:
